// Jest Snapshot v1, https://goo.gl/fbAQLP

exports[`<ChangeLang /> matches snapshot 1`] = `
<View
  style={
    Array [
      Object {
        "alignItems": "center",
        "backgroundColor": "#cadeee",
        "flexBasis": 0,
        "flexGrow": 1,
        "flexShrink": 1,
      },
      Object {
        "alignItems": "flex-start",
      },
    ]
  }
>
  <View>
    <svg
      data-file-name="SvgUserSettings"
      style={
        Object {
          "position": "absolute",
        }
      }
    />
    <View
      style={
        Object {
          "alignItems": "center",
          "flexDirection": "row",
          "marginLeft": 10,
          "marginTop": 10,
        }
      }
    >
      <
        color="grey"
        icon={
          Object {
            "icon": Array [
              496,
              512,
              Array [],
              "f2bd",
              "M248 8C111 8 0 119 0 256s111 248 248 248 248-111 248-248S385 8 248 8zm0 96c48.6 0 88 39.4 88 88s-39.4 88-88 88-88-39.4-88-88 39.4-88 88-88zm0 344c-58.7 0-111.3-26.6-146.5-68.2 18.8-35.4 55.6-59.8 98.5-59.8 2.4 0 4.8.4 7.1 1.1 13 4.2 26.6 6.9 40.9 6.9 14.3 0 28-2.7 40.9-6.9 2.3-.7 4.7-1.1 7.1-1.1 42.9 0 79.7 24.4 98.5 59.8C359.3 421.4 306.7 448 248 448z",
            ],
            "iconName": "user-circle",
            "prefix": "fas",
          }
        }
        size={80}
      />
      <Text
        style={
          Object {
            "fontSize": 28,
            "marginLeft": 15,
            "textTransform": "capitalize",
          }
        }
      >
        testuser
      </Text>
    </View>
  </View>
  <View
    style={
      Object {
        "alignItems": "center",
        "justifyContent": "center",
        "width": "100%",
      }
    }
  >
    <
      color="#000"
      icon={
        Object {
          "icon": Array [
            256,
            512,
            Array [],
            "f104",
            "M31.7 239l136-136c9.4-9.4 24.6-9.4 33.9 0l22.6 22.6c9.4 9.4 9.4 24.6 0 33.9L127.9 256l96.4 96.4c9.4 9.4 9.4 24.6 0 33.9L201.7 409c-9.4 9.4-24.6 9.4-33.9 0l-136-136c-9.5-9.4-9.5-24.6-.1-34z",
          ],
          "iconName": "angle-left",
          "prefix": "fas",
        }
      }
      onPress={[Function]}
      size={40}
      style={
        Object {
          "alignSelf": "flex-start",
          "marginLeft": 10,
          "marginTop": 50,
        }
      }
    />
    <Text
      style={
        Object {
          "alignSelf": "flex-start",
          "fontSize": 20,
          "fontWeight": "600",
          "marginBottom": 40,
          "marginLeft": 30,
          "marginTop": 40,
        }
      }
    >
      Change Language
    </Text>
    <View>
      <View
        style={
          Object {
            "alignItems": "center",
            "backgroundColor": "#fff",
            "borderRadius": 50,
            "margin": 20,
            "overflow": "visible",
            "shadowColor": "rgba(0,0,0, .4)",
            "shadowOffset": Object {
              "height": 1,
              "width": 1,
            },
            "shadowOpacity": 1,
            "shadowRadius": 1,
          }
        }
      >
        <View
          accessibilityRole="button"
          accessibilityState={
            Object {
              "busy": false,
              "disabled": false,
            }
          }
          accessible={true}
          focusable={true}
          onClick={[Function]}
          onResponderGrant={[Function]}
          onResponderMove={[Function]}
          onResponderRelease={[Function]}
          onResponderTerminate={[Function]}
          onResponderTerminationRequest={[Function]}
          onStartShouldSetResponder={[Function]}
          style={
            Object {
              "opacity": 1,
            }
          }
        >
          <View
            style={
              Object {
                "alignItems": "center",
                "backgroundColor": "#FFFFFF",
                "borderColor": "#2089dc",
                "borderRadius": 50,
                "borderWidth": 0,
                "flexDirection": "row",
                "justifyContent": "center",
                "padding": 8,
                "paddingHorizontal": 90,
                "paddingVertical": 20,
              }
            }
          >
            <Text
              style={
                Object {
                  "color": "#000000",
                  "fontSize": 18,
                  "paddingVertical": 1,
                  "textAlign": "center",
                }
              }
            >
              english
            </Text>
          </View>
        </View>
      </View>
      <View
        style={
          Object {
            "alignItems": "center",
            "backgroundColor": "#fff",
            "borderRadius": 50,
            "margin": 20,
            "overflow": "visible",
            "shadowColor": "rgba(0,0,0, .4)",
            "shadowOffset": Object {
              "height": 1,
              "width": 1,
            },
            "shadowOpacity": 1,
            "shadowRadius": 1,
          }
        }
      >
        <View
          accessibilityRole="button"
          accessibilityState={
            Object {
              "busy": false,
              "disabled": false,
            }
          }
          accessible={true}
          focusable={true}
          onClick={[Function]}
          onResponderGrant={[Function]}
          onResponderMove={[Function]}
          onResponderRelease={[Function]}
          onResponderTerminate={[Function]}
          onResponderTerminationRequest={[Function]}
          onStartShouldSetResponder={[Function]}
          style={
            Object {
              "opacity": 1,
            }
          }
        >
          <View
            style={
              Object {
                "alignItems": "center",
                "backgroundColor": "#FFFFFF",
                "borderColor": "#2089dc",
                "borderRadius": 50,
                "borderWidth": 0,
                "flexDirection": "row",
                "justifyContent": "center",
                "padding": 8,
                "paddingHorizontal": 90,
                "paddingVertical": 20,
              }
            }
          >
            <Text
              style={
                Object {
                  "color": "#000000",
                  "fontSize": 18,
                  "paddingVertical": 1,
                  "textAlign": "center",
                }
              }
            >
              german
            </Text>
          </View>
        </View>
      </View>
    </View>
  </View>
</View>
`;
